// Jest Snapshot v1, https://goo.gl/fbAQLP

exports[`createScaffold 1`] = `
[
  {
    "lower": [
      [
        -1500,
        500,
        500,
      ],
      [
        -500,
        500,
        500,
      ],
      [
        500,
        500,
        500,
      ],
      [
        1500,
        500,
        500,
      ],
    ],
    "upper": [
      [
        -1500,
        -500,
        500,
      ],
      [
        -500,
        -500,
        500,
      ],
      [
        500,
        -500,
        500,
      ],
      [
        1500,
        -500,
        500,
      ],
    ],
  },
  {
    "lower": [
      [
        -1500,
        500,
        -500,
      ],
      [
        -500,
        500,
        -500,
      ],
      [
        500,
        500,
        -500,
      ],
      [
        1500,
        500,
        -500,
      ],
    ],
    "upper": [
      [
        -1500,
        -500,
        -500,
      ],
      [
        -500,
        -500,
        -500,
      ],
      [
        500,
        -500,
        -500,
      ],
      [
        1500,
        -500,
        -500,
      ],
    ],
  },
  {
    "lower": [
      [
        -1500,
        500,
        -1500,
      ],
      [
        -500,
        500,
        -1500,
      ],
      [
        500,
        500,
        -1500,
      ],
      [
        1500,
        500,
        -1500,
      ],
    ],
    "upper": [
      [
        -1500,
        -500,
        -1500,
      ],
      [
        -500,
        -500,
        -1500,
      ],
      [
        500,
        -500,
        -1500,
      ],
      [
        1500,
        -500,
        -1500,
      ],
    ],
  },
  {
    "lower": [
      [
        -1500,
        500,
        -2500,
      ],
      [
        -500,
        500,
        -2500,
      ],
      [
        500,
        500,
        -2500,
      ],
      [
        1500,
        500,
        -2500,
      ],
    ],
    "upper": [
      [
        -1500,
        -500,
        -2500,
      ],
      [
        -500,
        -500,
        -2500,
      ],
      [
        500,
        -500,
        -2500,
      ],
      [
        1500,
        -500,
        -2500,
      ],
    ],
  },
  {
    "lower": [
      [
        -1500,
        500,
        -3500,
      ],
      [
        -500,
        500,
        -3500,
      ],
      [
        500,
        500,
        -3500,
      ],
      [
        1500,
        500,
        -3500,
      ],
    ],
    "upper": [
      [
        -1500,
        -500,
        -3500,
      ],
      [
        -500,
        -500,
        -3500,
      ],
      [
        500,
        -500,
        -3500,
      ],
      [
        1500,
        -500,
        -3500,
      ],
    ],
  },
  {
    "lower": [
      [
        -1500,
        500,
        -4500,
      ],
      [
        -500,
        500,
        -4500,
      ],
      [
        500,
        500,
        -4500,
      ],
      [
        1500,
        500,
        -4500,
      ],
    ],
    "upper": [
      [
        -1500,
        -500,
        -4500,
      ],
      [
        -500,
        -500,
        -4500,
      ],
      [
        500,
        -500,
        -4500,
      ],
      [
        1500,
        -500,
        -4500,
      ],
    ],
  },
  {
    "lower": [
      [
        -1500,
        500,
        -5500,
      ],
      [
        -500,
        500,
        -5500,
      ],
      [
        500,
        500,
        -5500,
      ],
      [
        1500,
        500,
        -5500,
      ],
    ],
    "upper": [
      [
        -1500,
        -500,
        -5500,
      ],
      [
        -500,
        -500,
        -5500,
      ],
      [
        500,
        -500,
        -5500,
      ],
      [
        1500,
        -500,
        -5500,
      ],
    ],
  },
]
`;
